available: 7 nodes (0 1 2 3 4 5 6 7)
node 0 cpus: 0 1 2 3 4 5 6 7
node 0 size: 5119 MB
node 0 free: 2602 MB
node 1 cpus: 8 9 10 11 12 13 14 15
node 1 size: 5119 MB
node 1 free: 2602 MB
node 2 cpus: 32 33 34 35 36 37 38 39
node 2 size: 5119 MB
node 2 free: 2602 MB
node 3 cpus: 40 41 42 43 44 45 46 47
node 3 size: 5119 MB
node 3 free: 2602 MB
node 4 cpus: 48 49 50 51 52 53 54 55
node 4 size: 5119 MB
node 4 free: 2602 MB
node 5 cpus: 56 57 58 59 60 61 62 63
node 5 size: 5119 MB
node 5 free: 2602 MB
node 6 cpus: 16 17 18 19 20 21 22 23
node 6 size: 5119 MB
node 6 free: 2602 MB
node 7 cpus: 24 25 26 27 28 29 30 31
node 7 size: 5119 MB
node 7 free: 2602 MB
node distances:
node   0   1   2   3   4   5   6   7 
  0:  10  20 100 100 100 100  50  50
  1:  20  10 100 100 100 100  50  50
  2: 100 100  10  20 100 100  50  50
  3: 100 100  20  10 100 100  50  50
  4: 100 100 100 100  10  20 100 100
  5: 100 100 100 100  20  10 100 100
  6:  50  50  50  50 100 100  10  20
  7:  50  50  50  50 100 100  20  10